IR_PROGRAM
main (varCnt=1, tmpCnt=3, argCnt=1) {
 [MOVE (TEMP 1) (CALL (NAME malloc) ( (BINOP * (CONST 1) (NAME wSZ))))]
 [MOVE (VAR 1) (TEMP 1)]
 [MOVE (TEMP 2) (CALL (NAME Body_go) ( (VAR 1)))]
 [CALLST (NAME print) ( (TEMP 2))]
}
Body_go (varCnt=1, tmpCnt=3, argCnt=2) {
 [MOVE (TEMP 1) (CALL (NAME malloc) ( (BINOP * (CONST 1) (NAME wSZ))))]
 [MOVE (MEM (TEMP 1)) (CONST 0)]
 [MOVE (VAR 1) (TEMP 1)]
 [MOVE (TEMP 2) (CALL (NAME Body2_value) ( (VAR 1) (CONST 1)))]
 [RETURN (TEMP 2)]
}
Body2_value (varCnt=2, tmpCnt=0, argCnt=0) {
 [MOVE (FIELD (PARAM 0) 0) (CONST 5)]
 [MOVE (VAR 1) (CONST 6)]
 [CJUMP == (PARAM 1) (CONST 0) (NAME L0)]
 [MOVE (VAR 2) (FIELD (PARAM 0) 0)]
 [JUMP (NAME L1)]
 [LABEL L0]
 [MOVE (VAR 2) (VAR 1)]
 [LABEL L1]
 [RETURN (VAR 2)]
}
