IR_PROGRAM
main (varCnt=2, tmpCnt=3, argCnt=3) {
 [MOVE (TEMP 1) (CALL (NAME malloc) ( (BINOP * (CONST 1) (NAME wSZ))))]
 [MOVE (VAR 1) (TEMP 1)]
 [MOVE (TEMP 2) (CALL (NAME body_foo) ( (VAR 1) (CONST 1) (CONST 2)))]
 [MOVE (VAR 2) (TEMP 2)]
 [CALLST (NAME print) ( (VAR 2))]
}
body_foo (varCnt=0, tmpCnt=0, argCnt=0) {
 [RETURN (BINOP + (PARAM 1) (PARAM 2))]
}
