IR_PROGRAM
main (varCnt=2, tmpCnt=3, argCnt=1) {
 [MOVE (TEMP 1) (CALL (NAME malloc) ( (BINOP * (CONST 1) (NAME wSZ))))]
 [MOVE (MEM (TEMP 1)) (CONST 0)]
 [MOVE (VAR 2) (TEMP 1)]
 [MOVE (TEMP 2) (CALL (NAME body_foo) ( (VAR 2)))]
 [MOVE (VAR 1) (TEMP 2)]
 [CALLST (NAME print) ( (VAR 1))]
}
body_foo (varCnt=0, tmpCnt=0, argCnt=0) {
 [MOVE (FIELD (PARAM 0) 0) (CONST 1)]
 [RETURN (FIELD (PARAM 0) 0)]
}
